==========================192.168.3.5=================================
--------------------------date;sar -u 1 1---------------------------------
2018年 07月 28日 星期六 08:04:57 CST
Linux 3.10.0-693.21.1.el7.x86_64 (localhost.localdomain) 	2018年07月28日 	_x86_64_	(1 CPU)

08时04分57秒     CPU     %user     %nice   %system   %iowait    %steal     %idle
08时04分58秒     all      0.00      0.00      0.00      0.00      0.00    100.00
平均时间:     all      0.00      0.00      0.00      0.00      0.00    100.00
--------------------------free -g---------------------------------
              total        used        free      shared  buff/cache   available
Mem:              0           0           0           0           0           0
Swap:             1           0           1
--------------------------df -h | grep -v '/dev/loop0'---------------------------------
文件系统        容量  已用  可用 已用% 挂载点
/dev/sda3        18G  1.3G   17G    8% /
devtmpfs        352M     0  352M    0% /dev
tmpfs           362M     0  362M    0% /dev/shm
tmpfs           362M  9.6M  353M    3% /run
tmpfs           362M     0  362M    0% /sys/fs/cgroup
/dev/sda1       497M  125M  372M   26% /boot
tmpfs            73M     0   73M    0% /run/user/0
--------------------------df -ih---------------------------------
文件系统       Inode 已用(I) 可用(I) 已用(I)% 挂载点
/dev/sda3        18M     34K     18M       1% /
devtmpfs         88K     315     88K       1% /dev
tmpfs            91K       1     91K       1% /dev/shm
tmpfs            91K     402     91K       1% /run
tmpfs            91K      16     91K       1% /sys/fs/cgroup
/dev/sda1       500K     338    500K       1% /boot
tmpfs            91K       1     91K       1% /run/user/0
--------------------------systemctl is-active sshd---------------------------------
active
--------------------------systemctl is-active ntpd---------------------------------
unknown
==========================192.168.3.7=================================
--------------------------date;top -bn 1 | head -10---------------------------------
Sat Jul 28 00:05:13 CST 2018
top - 00:05:13 up 21 min,  2 users,  load average: 0.00, 0.01, 0.09
Tasks: 116 total,   1 running,  67 sleeping,   0 stopped,   0 zombie
%Cpu(s):  0.2 us,  0.7 sy,  0.0 ni, 94.7 id,  4.1 wa,  0.2 hi,  0.1 si,  0.0 st
KiB Mem :   985116 total,   435768 free,   241376 used,   307972 buff/cache
KiB Swap:  2097148 total,  2097148 free,        0 used.   540636 avail Mem 

   PID USER      PR  NI    VIRT    RES    SHR S  %CPU %MEM     TIME+ COMMAND
     1 root      20   0  220680   8388   6468 S   0.0  0.9   0:01.67 systemd
     2 root      20   0       0      0      0 S   0.0  0.0   0:00.01 kthreadd
     4 root       0 -20       0      0      0 I   0.0  0.0   0:00.00 kworker/0+
--------------------------free -g---------------------------------
              total        used        free      shared  buff/cache   available
Mem:              0           0           0           0           0           0
Swap:             1           0           1
--------------------------df -h | grep -v '/dev/loop0'---------------------------------
Filesystem      Size  Used Avail Use% Mounted on
devtmpfs        470M     0  470M   0% /dev
tmpfs           482M     0  482M   0% /dev/shm
tmpfs           482M  1.1M  480M   1% /run
tmpfs           482M     0  482M   0% /sys/fs/cgroup
/dev/sda3        17G  3.9G   14G  23% /
tmpfs           482M     0  482M   0% /tmp
/dev/sda1       976M  174M  736M  20% /boot
tmpfs            97M     0   97M   0% /run/user/0
--------------------------df -ih---------------------------------
Filesystem     Inodes IUsed IFree IUse% Mounted on
devtmpfs         118K   404  117K    1% /dev
tmpfs            121K     1  121K    1% /dev/shm
tmpfs            121K   550  120K    1% /run
tmpfs            121K    17  121K    1% /sys/fs/cgroup
/dev/sda3        8.5M  237K  8.3M    3% /
tmpfs            121K     9  121K    1% /tmp
/dev/sda1         64K   358   64K    1% /boot
tmpfs            121K     6  121K    1% /run/user/0
--------------------------systemctl is-active sshd---------------------------------
active
--------------------------systemctl is-active ntpd---------------------------------
inactive
==========================192.168.3.5=================================
--------------------------date;sar -u 1 1---------------------------------
2018年 07月 28日 星期六 08:05:54 CST
Linux 3.10.0-693.21.1.el7.x86_64 (localhost.localdomain) 	2018年07月28日 	_x86_64_	(1 CPU)

08时05分54秒     CPU     %user     %nice   %system   %iowait    %steal     %idle
08时05分55秒     all      0.00      0.00      1.00      0.00      0.00     99.00
平均时间:     all      0.00      0.00      1.00      0.00      0.00     99.00
--------------------------free -g---------------------------------
              total        used        free      shared  buff/cache   available
Mem:              0           0           0           0           0           0
Swap:             1           0           1
--------------------------df -h | grep -v '/dev/loop0'---------------------------------
文件系统        容量  已用  可用 已用% 挂载点
/dev/sda3        18G  1.3G   17G    8% /
devtmpfs        352M     0  352M    0% /dev
tmpfs           362M     0  362M    0% /dev/shm
tmpfs           362M  9.6M  353M    3% /run
tmpfs           362M     0  362M    0% /sys/fs/cgroup
/dev/sda1       497M  125M  372M   26% /boot
tmpfs            73M     0   73M    0% /run/user/0
--------------------------df -ih---------------------------------
文件系统       Inode 已用(I) 可用(I) 已用(I)% 挂载点
/dev/sda3        18M     34K     18M       1% /
devtmpfs         88K     315     88K       1% /dev
tmpfs            91K       1     91K       1% /dev/shm
tmpfs            91K     402     91K       1% /run
tmpfs            91K      16     91K       1% /sys/fs/cgroup
/dev/sda1       500K     338    500K       1% /boot
tmpfs            91K       1     91K       1% /run/user/0
--------------------------systemctl is-active sshd---------------------------------
active
--------------------------systemctl is-active ntpd---------------------------------
unknown
==========================192.168.3.7=================================
--------------------------date;top -bn 1 | head -10---------------------------------
Sat Jul 28 00:06:09 CST 2018
top - 00:06:09 up 22 min,  2 users,  load average: 0.00, 0.01, 0.08
Tasks: 115 total,   1 running,  67 sleeping,   0 stopped,   0 zombie
%Cpu(s):  0.2 us,  0.7 sy,  0.0 ni, 94.9 id,  3.9 wa,  0.2 hi,  0.1 si,  0.0 st
KiB Mem :   985116 total,   435456 free,   241252 used,   308408 buff/cache
KiB Swap:  2097148 total,  2097148 free,        0 used.   540468 avail Mem 

   PID USER      PR  NI    VIRT    RES    SHR S  %CPU %MEM     TIME+ COMMAND
     1 root      20   0  220680   8388   6468 S   0.0  0.9   0:01.67 systemd
     2 root      20   0       0      0      0 S   0.0  0.0   0:00.01 kthreadd
     4 root       0 -20       0      0      0 I   0.0  0.0   0:00.00 kworker/0+
--------------------------free -g---------------------------------
              total        used        free      shared  buff/cache   available
Mem:              0           0           0           0           0           0
Swap:             1           0           1
--------------------------df -h | grep -v '/dev/loop0'---------------------------------
Filesystem      Size  Used Avail Use% Mounted on
devtmpfs        470M     0  470M   0% /dev
tmpfs           482M     0  482M   0% /dev/shm
tmpfs           482M  1.1M  480M   1% /run
tmpfs           482M     0  482M   0% /sys/fs/cgroup
/dev/sda3        17G  3.9G   14G  23% /
tmpfs           482M     0  482M   0% /tmp
/dev/sda1       976M  174M  736M  20% /boot
tmpfs            97M     0   97M   0% /run/user/0
--------------------------df -ih---------------------------------
Filesystem     Inodes IUsed IFree IUse% Mounted on
devtmpfs         118K   404  117K    1% /dev
tmpfs            121K     1  121K    1% /dev/shm
tmpfs            121K   550  120K    1% /run
tmpfs            121K    17  121K    1% /sys/fs/cgroup
/dev/sda3        8.5M  237K  8.3M    3% /
tmpfs            121K     9  121K    1% /tmp
/dev/sda1         64K   358   64K    1% /boot
tmpfs            121K     6  121K    1% /run/user/0
--------------------------systemctl is-active sshd---------------------------------
active
--------------------------systemctl is-active ntpd---------------------------------
inactive
==========================192.168.3.5=================================
--------------------------date;sar -u 1 1---------------------------------
2018年 07月 28日 星期六 08:06:42 CST
Linux 3.10.0-693.21.1.el7.x86_64 (localhost.localdomain) 	2018年07月28日 	_x86_64_	(1 CPU)

08时06分42秒     CPU     %user     %nice   %system   %iowait    %steal     %idle
08时06分43秒     all      0.00      0.00      0.00      0.00      0.00    100.00
平均时间:     all      0.00      0.00      0.00      0.00      0.00    100.00
--------------------------free -g---------------------------------
              total        used        free      shared  buff/cache   available
Mem:              0           0           0           0           0           0
Swap:             1           0           1
--------------------------df -h | grep -v '/dev/loop0'---------------------------------
文件系统        容量  已用  可用 已用% 挂载点
/dev/sda3        18G  1.3G   17G    8% /
devtmpfs        352M     0  352M    0% /dev
tmpfs           362M     0  362M    0% /dev/shm
tmpfs           362M  9.6M  353M    3% /run
tmpfs           362M     0  362M    0% /sys/fs/cgroup
/dev/sda1       497M  125M  372M   26% /boot
tmpfs            73M     0   73M    0% /run/user/0
--------------------------df -ih---------------------------------
文件系统       Inode 已用(I) 可用(I) 已用(I)% 挂载点
/dev/sda3        18M     34K     18M       1% /
devtmpfs         88K     315     88K       1% /dev
tmpfs            91K       1     91K       1% /dev/shm
tmpfs            91K     402     91K       1% /run
tmpfs            91K      16     91K       1% /sys/fs/cgroup
/dev/sda1       500K     338    500K       1% /boot
tmpfs            91K       1     91K       1% /run/user/0
--------------------------systemctl is-active sshd---------------------------------
active
--------------------------systemctl is-active ntpd---------------------------------
unknown
==========================192.168.3.7=================================
--------------------------date;top -bn 1 | head -10---------------------------------
Sat Jul 28 00:06:57 CST 2018
top - 00:06:58 up 23 min,  2 users,  load average: 0.00, 0.00, 0.08
Tasks: 116 total,   1 running,  67 sleeping,   0 stopped,   0 zombie
%Cpu(s):  0.2 us,  0.7 sy,  0.0 ni, 95.0 id,  3.8 wa,  0.2 hi,  0.1 si,  0.0 st
KiB Mem :   985116 total,   435152 free,   241412 used,   308552 buff/cache
KiB Swap:  2097148 total,  2097148 free,        0 used.   540344 avail Mem 

   PID USER      PR  NI    VIRT    RES    SHR S  %CPU %MEM     TIME+ COMMAND
     1 root      20   0  220680   8388   6468 S   0.0  0.9   0:01.68 systemd
     2 root      20   0       0      0      0 S   0.0  0.0   0:00.01 kthreadd
     4 root       0 -20       0      0      0 I   0.0  0.0   0:00.00 kworker/0+
--------------------------free -g---------------------------------
              total        used        free      shared  buff/cache   available
Mem:              0           0           0           0           0           0
Swap:             1           0           1
--------------------------df -h | grep -v '/dev/loop0'---------------------------------
Filesystem      Size  Used Avail Use% Mounted on
devtmpfs        470M     0  470M   0% /dev
tmpfs           482M     0  482M   0% /dev/shm
tmpfs           482M  1.1M  480M   1% /run
tmpfs           482M     0  482M   0% /sys/fs/cgroup
/dev/sda3        17G  3.9G   14G  23% /
tmpfs           482M     0  482M   0% /tmp
/dev/sda1       976M  174M  736M  20% /boot
tmpfs            97M     0   97M   0% /run/user/0
--------------------------df -ih---------------------------------
Filesystem     Inodes IUsed IFree IUse% Mounted on
devtmpfs         118K   404  117K    1% /dev
tmpfs            121K     1  121K    1% /dev/shm
tmpfs            121K   550  120K    1% /run
tmpfs            121K    17  121K    1% /sys/fs/cgroup
/dev/sda3        8.5M  237K  8.3M    3% /
tmpfs            121K     9  121K    1% /tmp
/dev/sda1         64K   358   64K    1% /boot
tmpfs            121K     6  121K    1% /run/user/0
--------------------------systemctl is-active sshd---------------------------------
active
--------------------------systemctl is-active ntpd---------------------------------
inactive
==========================192.168.3.5=================================
--------------------------date;sar -u 1 1---------------------------------
2018年 07月 28日 星期六 08:46:41 CST
Linux 3.10.0-693.21.1.el7.x86_64 (localhost.localdomain) 	2018年07月28日 	_x86_64_	(1 CPU)

08时46分41秒     CPU     %user     %nice   %system   %iowait    %steal     %idle
08时46分42秒     all      0.00      0.00      0.00      0.00      0.00    100.00
平均时间:     all      0.00      0.00      0.00      0.00      0.00    100.00
--------------------------free -g---------------------------------
              total        used        free      shared  buff/cache   available
Mem:              0           0           0           0           0           0
Swap:             1           0           1
--------------------------df -h | grep -v '/dev/loop0'---------------------------------
文件系统        容量  已用  可用 已用% 挂载点
/dev/sda3        18G  1.3G   17G    8% /
devtmpfs        352M     0  352M    0% /dev
tmpfs           362M     0  362M    0% /dev/shm
tmpfs           362M  9.6M  353M    3% /run
tmpfs           362M     0  362M    0% /sys/fs/cgroup
/dev/sda1       497M  125M  372M   26% /boot
tmpfs            73M     0   73M    0% /run/user/0
--------------------------df -ih---------------------------------
文件系统       Inode 已用(I) 可用(I) 已用(I)% 挂载点
/dev/sda3        18M     34K     18M       1% /
devtmpfs         88K     315     88K       1% /dev
tmpfs            91K       1     91K       1% /dev/shm
tmpfs            91K     402     91K       1% /run
tmpfs            91K      16     91K       1% /sys/fs/cgroup
/dev/sda1       500K     338    500K       1% /boot
tmpfs            91K       1     91K       1% /run/user/0
--------------------------systemctl is-active sshd---------------------------------
active
--------------------------systemctl is-active ntpd---------------------------------
unknown
==========================192.168.3.7=================================
--------------------------date;top -bn 1 | head -10---------------------------------
Sat Jul 28 00:47:03 CST 2018
top - 00:47:03 up  1:03,  2 users,  load average: 0.00, 0.00, 0.00
Tasks: 116 total,   1 running,  66 sleeping,   0 stopped,   0 zombie
%Cpu(s):  0.1 us,  0.4 sy,  0.0 ni, 97.8 id,  1.4 wa,  0.1 hi,  0.1 si,  0.0 st
KiB Mem :   985116 total,   436168 free,   240452 used,   308496 buff/cache
KiB Swap:  2097148 total,  2097148 free,        0 used.   541484 avail Mem 

   PID USER      PR  NI    VIRT    RES    SHR S  %CPU %MEM     TIME+ COMMAND
    23 root      20   0       0      0      0 I   6.2  0.0   0:02.37 kworker/0+
   582 root      20   0  287788   8880   8144 S   6.2  0.9   0:00.25 rsyslogd
     1 root      20   0  220680   8388   6468 S   0.0  0.9   0:01.70 systemd
--------------------------free -g---------------------------------
              total        used        free      shared  buff/cache   available
Mem:              0           0           0           0           0           0
Swap:             1           0           1
--------------------------df -h | grep -v '/dev/loop0'---------------------------------
Filesystem      Size  Used Avail Use% Mounted on
devtmpfs        470M     0  470M   0% /dev
tmpfs           482M     0  482M   0% /dev/shm
tmpfs           482M  1.1M  480M   1% /run
tmpfs           482M     0  482M   0% /sys/fs/cgroup
/dev/sda3        17G  3.9G   14G  23% /
tmpfs           482M     0  482M   0% /tmp
/dev/sda1       976M  174M  736M  20% /boot
tmpfs            97M     0   97M   0% /run/user/0
--------------------------df -ih---------------------------------
Filesystem     Inodes IUsed IFree IUse% Mounted on
devtmpfs         118K   404  117K    1% /dev
tmpfs            121K     1  121K    1% /dev/shm
tmpfs            121K   548  120K    1% /run
tmpfs            121K    17  121K    1% /sys/fs/cgroup
/dev/sda3        8.5M  237K  8.3M    3% /
tmpfs            121K     9  121K    1% /tmp
/dev/sda1         64K   358   64K    1% /boot
tmpfs            121K     6  121K    1% /run/user/0
--------------------------systemctl is-active sshd---------------------------------
active
--------------------------systemctl is-active ntpd---------------------------------
inactive
